cargo :    Compiling 
proc-macro2 v1.0.106
At line:1 char:1
+ cargo check -p backend > 
build_errors.txt 2>&1
+ ~~~~~~~~~~~~~~~~~~~~~~~~~
~~~~~~~~~~~~~~~~~~~~~
    + CategoryInfo         
     : NotSpecified: (     
  Compiling proc-macro2    
 v1.0.106:String) [], R    
emoteException
    + FullyQualifiedErrorI 
   d : NativeCommandError
 
   Compiling quote v1.0.45
   Compiling getrandom 
v0.3.4
   Compiling serde_core 
v1.0.228
   Compiling 
parking_lot_core v0.9.12
   Compiling typenum 
v1.19.0
   Compiling generic-array 
v0.14.7
   Compiling serde v1.0.228
   Compiling num-traits 
v0.2.19
   Compiling 
icu_properties_data v2.2.0
   Compiling zerocopy 
v0.8.48
   Compiling 
icu_normalizer_data v2.2.0
error: linker `link.exe` 
not found
  |
  = note: program not found

note: the msvc targets 
depend on the msvc linker 
but `link.exe` was not 
found

note: please ensure that 
Visual Studio 2017 or 
later, or Build Tools for 
Visual Studio were 
installed with the Visual 
C++ option.

note: VS Code is a 
different product, and is 
not sufficient.

error: could not compile 
`generic-array` (build 
script) due to 1 previous 
error
warning: build failed, 
waiting for other jobs to 
finish...
error: could not compile 
`quote` (build script) due 
to 1 previous error
error: could not compile 
`num-traits` (build 
script) due to 1 previous 
error
error: could not compile 
`icu_properties_data` 
(build script) due to 1 
previous error
error: could not compile 
`parking_lot_core` (build 
script) due to 1 previous 
error
error: could not compile 
`icu_normalizer_data` 
(build script) due to 1 
previous error
error: could not compile 
`getrandom` (build script) 
due to 1 previous error
error: could not compile 
`serde_core` (build 
script) due to 1 previous 
error
error: could not compile 
`proc-macro2` (build 
script) due to 1 previous 
error
error: could not compile 
`serde` (build script) due 
to 1 previous error
error: could not compile 
`typenum` (build script) 
due to 1 previous error
error: could not compile 
`zerocopy` (build script) 
due to 1 previous error
